// Vitest Snapshot v1, https://vitest.dev/guide/snapshot.html

exports[`renders without error 1`] = `<DocumentFragment />`;
