// Vitest Snapshot v1, https://vitest.dev/guide/snapshot.html

exports[`can be called without error 1`] = `<DocumentFragment />`;
